[    0.000000] Initializing cgroup subsys cpuset
[    0.000000] Initializing cgroup subsys cpu
[    0.000000] Initializing cgroup subsys cpuacct
[    0.000000] Linux version 4.4.0-116-generic (buildd@lgw01-amd64-021) (gcc version 5.4.0 20160609 (Ubuntu 5.4.0-6ubuntu1~16.04.9) ) #140-Ubuntu SMP Mon Feb 12 21:23:04 UTC 2018 (Ubuntu 4.4.0-116.140-generic 4.4.98)
[    0.000000] Command line: BOOT_IMAGE=/boot/vmlinuz-4.4.0-116-generic root=LABEL=cloudimg-rootfs ro console=tty1 console=ttyS0
[    0.000000] KERNEL supported cpus:
[    0.000000]   Intel GenuineIntel
[    0.000000]   AMD AuthenticAMD
[    0.000000]   Centaur CentaurHauls
[    0.000000] x86/fpu: xstate_offset[2]:  576, xstate_sizes[2]:  256
[    0.000000] x86/fpu: Supporting XSAVE feature 0x01: 'x87 floating point registers'
[    0.000000] x86/fpu: Supporting XSAVE feature 0x02: 'SSE registers'
[    0.000000] x86/fpu: Supporting XSAVE feature 0x04: 'AVX registers'
[    0.000000] x86/fpu: Enabled xstate features 0x7, context size is 832 bytes, using 'standard' format.
[    0.000000] x86/fpu: Using 'lazy' FPU context switches.
[    0.000000] e820: BIOS-provided physical RAM map:
[    0.000000] BIOS-e820: [mem 0x0000000000000000-0x000000000009fbff] usable
[    0.000000] BIOS-e820: [mem 0x000000000009fc00-0x000000000009ffff] reserved
[    0.000000] BIOS-e820: [mem 0x00000000000f0000-0x00000000000fffff] reserved
[    0.000000] BIOS-e820: [mem 0x0000000000100000-0x000000003ffeffff] usable
[    0.000000] BIOS-e820: [mem 0x000000003fff0000-0x000000003fffffff] ACPI data
[    0.000000] BIOS-e820: [mem 0x00000000fec00000-0x00000000fec00fff] reserved
[    0.000000] BIOS-e820: [mem 0x00000000fee00000-0x00000000fee00fff] reserved
[    0.000000] BIOS-e820: [mem 0x00000000fffc0000-0x00000000ffffffff] reserved
[    0.000000] NX (Execute Disable) protection: active
[    0.000000] SMBIOS 2.5 present.
[    0.000000] Hypervisor detected: KVM
[    0.000000] e820: last_pfn = 0x3fff0 max_arch_pfn = 0x400000000
[    0.000000] MTRR: Disabled
[    0.000000] x86/PAT: MTRRs disabled, skipping PAT initialization too.
[    0.000000] CPU MTRRs all blank - virtualized system.
[    0.000000] x86/PAT: Configuration [0-7]: WB  WT  UC- UC  WB  WT  UC- UC  
[    0.000000] found SMP MP-table at [mem 0x0009fff0-0x0009ffff] mapped at [ffff88000009fff0]
[    0.000000] Scanning 1 areas for low memory corruption
[    0.000000] RAMDISK: [mem 0x36ac2000-0x37558fff]
[    0.000000] ACPI: Early table checksum verification disabled
[    0.000000] ACPI: RSDP 0x00000000000E0000 000024 (v02 VBOX  )
[    0.000000] ACPI: XSDT 0x000000003FFF0030 00003C (v01 VBOX   VBOXXSDT 00000001 ASL  00000061)
[    0.000000] ACPI: FACP 0x000000003FFF00F0 0000F4 (v04 VBOX   VBOXFACP 00000001 ASL  00000061)
[    0.000000] ACPI: DSDT 0x000000003FFF0470 0021C8 (v02 VBOX   VBOXBIOS 00000002 INTL 20100528)
[    0.000000] ACPI: FACS 0x000000003FFF0200 000040
[    0.000000] ACPI: FACS 0x000000003FFF0200 000040
[    0.000000] ACPI: APIC 0x000000003FFF0240 00005C (v02 VBOX   VBOXAPIC 00000001 ASL  00000061)
[    0.000000] ACPI: SSDT 0x000000003FFF02A0 0001CC (v01 VBOX   VBOXCPUT 00000002 INTL 20100528)
[    0.000000] No NUMA configuration found
[    0.000000] Faking a node at [mem 0x0000000000000000-0x000000003ffeffff]
[    0.000000] NODE_DATA(0) allocated [mem 0x3ffeb000-0x3ffeffff]
[    0.000000] kvm-clock: Using msrs 4b564d01 and 4b564d00
[    0.000000] kvm-clock: cpu 0, msr 0:3ffe3001, primary cpu clock
[    0.000000] kvm-clock: using sched offset of 3307619410 cycles
[    0.000000] clocksource: kvm-clock: mask: 0xffffffffffffffff max_cycles: 0x1cd42e4dffb, max_idle_ns: 881590591483 ns
[    0.000000] Zone ranges:
[    0.000000]   DMA      [mem 0x0000000000001000-0x0000000000ffffff]
[    0.000000]   DMA32    [mem 0x0000000001000000-0x000000003ffeffff]
[    0.000000]   Normal   empty
[    0.000000]   Device   empty
[    0.000000] Movable zone start for each node
[    0.000000] Early memory node ranges
[    0.000000]   node   0: [mem 0x0000000000001000-0x000000000009efff]
[    0.000000]   node   0: [mem 0x0000000000100000-0x000000003ffeffff]
[    0.000000] Initmem setup node 0 [mem 0x0000000000001000-0x000000003ffeffff]
[    0.000000] ACPI: PM-Timer IO Port: 0x4008
[    0.000000] IOAPIC[0]: apic_id 2, version 32, address 0xfec00000, GSI 0-23
[    0.000000] ACPI: INT_SRC_OVR (bus 0 bus_irq 0 global_irq 2 dfl dfl)
[    0.000000] ACPI: INT_SRC_OVR (bus 0 bus_irq 9 global_irq 9 high level)
[    0.000000] Using ACPI (MADT) for SMP configuration information
[    0.000000] smpboot: Allowing 2 CPUs, 0 hotplug CPUs
[    0.000000] PM: Registered nosave memory: [mem 0x00000000-0x00000fff]
[    0.000000] PM: Registered nosave memory: [mem 0x0009f000-0x0009ffff]
[    0.000000] PM: Registered nosave memory: [mem 0x000a0000-0x000effff]
[    0.000000] PM: Registered nosave memory: [mem 0x000f0000-0x000fffff]
[    0.000000] e820: [mem 0x40000000-0xfebfffff] available for PCI devices
[    0.000000] Booting paravirtualized kernel on KVM
[    0.000000] clocksource: refined-jiffies: mask: 0xffffffff max_cycles: 0xffffffff, max_idle_ns: 7645519600211568 ns
[    0.000000] setup_percpu: NR_CPUS:512 nr_cpumask_bits:512 nr_cpu_ids:2 nr_node_ids:1
[    0.000000] PERCPU: Embedded 34 pages/cpu @ffff88003fc00000 s99544 r8192 d31528 u1048576
[    0.000000] PV qspinlock hash table entries: 256 (order: 0, 4096 bytes)
[    0.000000] Built 1 zonelists in Node order, mobility grouping on.  Total pages: 257913
[    0.000000] Policy zone: DMA32
[    0.000000] Kernel command line: BOOT_IMAGE=/boot/vmlinuz-4.4.0-116-generic root=LABEL=cloudimg-rootfs ro console=tty1 console=ttyS0
[    0.000000] PID hash table entries: 4096 (order: 3, 32768 bytes)
[    0.000000] Memory: 1001688K/1048120K available (8530K kernel code, 1309K rwdata, 3992K rodata, 1508K init, 1316K bss, 46432K reserved, 0K cma-reserved)
[    0.000000] SLUB: HWalign=64, Order=0-3, MinObjects=0, CPUs=2, Nodes=1
[    0.000000] Kernel/User page tables isolation: enabled
[    0.000000] Hierarchical RCU implementation.
[    0.000000] 	Build-time adjustment of leaf fanout to 64.
[    0.000000] 	RCU restricting CPUs from NR_CPUS=512 to nr_cpu_ids=2.
[    0.000000] RCU: Adjusting geometry for rcu_fanout_leaf=64, nr_cpu_ids=2
[    0.000000] NR_IRQS:33024 nr_irqs:440 16
[    0.000000] Console: colour VGA+ 80x25
[    0.000000] console [tty1] enabled
[    0.000000] console [ttyS0] enabled
[    0.000000] tsc: Detected 3311.998 MHz processor
[   12.267548] Calibrating delay loop (skipped) preset value.. 6623.99 BogoMIPS (lpj=13247992)
[   12.270502] pid_max: default: 32768 minimum: 301
[   12.272050] ACPI: Core revision 20150930
[   12.274765] ACPI: 2 ACPI AML tables successfully acquired and loaded
[   12.277408] Security Framework initialized
[   12.279220] Yama: becoming mindful.
[   12.282078] AppArmor: AppArmor initialized
[   12.282981] Dentry cache hash table entries: 131072 (order: 8, 1048576 bytes)
[   12.285653] Inode-cache hash table entries: 65536 (order: 7, 524288 bytes)
[   12.324785] Mount-cache hash table entries: 2048 (order: 2, 16384 bytes)
[   12.350964] Mountpoint-cache hash table entries: 2048 (order: 2, 16384 bytes)
[   12.367268] Initializing cgroup subsys io
[   12.375903] Initializing cgroup subsys memory
[   12.456578] Initializing cgroup subsys devices
[   12.550675] Initializing cgroup subsys freezer
[   12.634024] Initializing cgroup subsys net_cls
[   12.734457] Initializing cgroup subsys perf_event
[   12.840349] Initializing cgroup subsys net_prio
[   12.948786] Initializing cgroup subsys hugetlb
[   13.064840] Initializing cgroup subsys pids
[   13.150096] CPU: Physical Processor ID: 0
[   13.171673] CPU: Processor Core ID: 0
[   13.174540] FEATURE SPEC_CTRL Not Present
[   13.177677] mce: CPU supports 0 MCE banks
[   13.179336] Last level iTLB entries: 4KB 128, 2MB 8, 4MB 8
[   13.181032] Last level dTLB entries: 4KB 64, 2MB 0, 4MB 0, 1GB 4
[   13.182821] Spectre V2 mitigation: Mitigation: Full generic retpoline
[   13.184780] Spectre V2 mitigation: Speculation control IBPB not-supported IBRS not-supported
[   13.193354] Freeing SMP alternatives memory: 32K
[   13.209684] ftrace: allocating 32186 entries in 126 pages
[   13.262207] smpboot: APIC(0) Converting physical 0 to logical package 0
[   13.430661] smpboot: Max logical packages: 1
[   13.527140] x2apic enabled
[   13.599297] Switched APIC routing to physical x2apic.
[   13.716507] ..TIMER: vector=0x30 apic1=0 pin1=2 apic2=-1 pin2=-1
[   13.970848] smpboot: CPU0: Intel(R) Core(TM) i5-6600 CPU @ 3.30GHz (family: 0x6, model: 0x5e, stepping: 0x3)
[   14.206416] Performance Events: unsupported p6 CPU model 94 no PMU driver, software events only.
[   14.374204] KVM setup paravirtual spinlock
[   14.489650] x86: Booting SMP configuration:
[   14.588820] .... node  #0, CPUs:      #1
[   14.688178] kvm-clock: cpu 1, msr 0:3ffe3041, secondary cpu clock
[   14.891303] mce: CPU supports 0 MCE banks
[   15.036332] x86: Booted up 1 node, 2 CPUs
[   15.120150] smpboot: Total of 2 processors activated (13247.99 BogoMIPS)
[   15.284362] devtmpfs: initialized
[   15.364347] evm: security.selinux
[   15.394599] evm: security.SMACK64
[   15.461630] evm: security.SMACK64EXEC
[   15.558981] evm: security.SMACK64TRANSMUTE
[   15.652275] evm: security.SMACK64MMAP
[   15.741885] evm: security.ima
[   15.825705] evm: security.capability
[   15.909781] clocksource: jiffies: mask: 0xffffffff max_cycles: 0xffffffff, max_idle_ns: 7645041785100000 ns
[   16.166066] futex hash table entries: 512 (order: 3, 32768 bytes)
[   16.316824] pinctrl core: initialized pinctrl subsystem
[   16.418305] RTC time: 23:53:05, date: 03/11/18
[   16.490737] NET: Registered protocol family 16
[   16.580271] cpuidle: using governor ladder
[   16.704455] cpuidle: using governor menu
[   16.794102] PCCT header not found.
[   16.868450] ACPI: bus type PCI registered
[   16.971321] acpiphp: ACPI Hot Plug PCI Controller Driver version: 0.5
[   17.128627] PCI: Using configuration type 1 for base access
[   17.294519] ACPI: Added _OSI(Module Device)
[   17.386019] ACPI: Added _OSI(Processor Device)
[   17.503538] ACPI: Added _OSI(3.0 _SCP Extensions)
[   17.570188] ACPI: Added _OSI(Processor Aggregator Device)
[   17.698565] ACPI: Executed 1 blocks of module-level executable AML code
[   17.870418] ACPI: Interpreter enabled
[   17.941967] ACPI: (supports S0 S5)
[   18.034170] ACPI: Using IOAPIC for interrupt routing
[   18.159618] PCI: Using host bridge windows from ACPI; if necessary, use "pci=nocrs" and report a bug
[   18.218580] ACPI: PCI Root Bridge [PCI0] (domain 0000 [bus 00-ff])
[   18.370518] acpi PNP0A03:00: _OSC: OS supports [ASPM ClockPM Segments MSI]
[   18.562000] acpi PNP0A03:00: _OSC failed (AE_NOT_FOUND); disabling ASPM
[   18.678313] acpi PNP0A03:00: fail to add MMCONFIG information, can't access extended PCI configuration space under this bridge.
[   18.701988] PCI host bridge to bus 0000:00
[   18.802387] pci_bus 0000:00: root bus resource [io  0x0000-0x0cf7 window]
[   18.964171] pci_bus 0000:00: root bus resource [io  0x0d00-0xffff window]
[   19.133120] pci_bus 0000:00: root bus resource [mem 0x000a0000-0x000bffff window]
[   19.313594] pci_bus 0000:00: root bus resource [mem 0x40000000-0xffdfffff window]
[   19.504185] pci_bus 0000:00: root bus resource [bus 00-ff]
[   19.646782] pci 0000:00:01.1: legacy IDE quirk: reg 0x10: [io  0x01f0-0x01f7]
[   19.787968] pci 0000:00:01.1: legacy IDE quirk: reg 0x14: [io  0x03f6]
[   19.943007] pci 0000:00:01.1: legacy IDE quirk: reg 0x18: [io  0x0170-0x0177]
[   20.110168] pci 0000:00:01.1: legacy IDE quirk: reg 0x1c: [io  0x0376]
[   20.273512] pci 0000:00:07.0: quirk: [io  0x4000-0x403f] claimed by PIIX4 ACPI
[   20.450098] pci 0000:00:07.0: quirk: [io  0x4100-0x410f] claimed by PIIX4 SMB
[   20.636113] ACPI: PCI Interrupt Link [LNKA] (IRQs 5 9 10 *11)
[   20.770169] ACPI: PCI Interrupt Link [LNKB] (IRQs 5 9 10 *11)
[   20.864163] ACPI: PCI Interrupt Link [LNKC] (IRQs 5 9 *10 11)
[   20.988987] ACPI: PCI Interrupt Link [LNKD] (IRQs 5 *9 10 11)
[   21.124685] ACPI: Enabled 2 GPEs in block 00 to 07
[   21.257199] vgaarb: setting as boot device: PCI:0000:00:02.0
[   21.415480] vgaarb: device added: PCI:0000:00:02.0,decodes=io+mem,owns=io+mem,locks=none
[   21.649636] vgaarb: loaded
[   21.727836] vgaarb: bridge control possible 0000:00:02.0
[   21.888247] SCSI subsystem initialized
[   21.942468] ACPI: bus type USB registered
[   22.011209] usbcore: registered new interface driver usbfs
[   22.161165] usbcore: registered new interface driver hub
[   22.312641] usbcore: registered new device driver usb
[   22.451973] PCI: Using ACPI for IRQ routing
[   22.571644] NetLabel: Initializing
[   22.665943] NetLabel:  domain hash size = 128
[   22.789684] NetLabel:  protocols = UNLABELED CIPSOv4
[   22.924180] NetLabel:  unlabeled traffic allowed by default
[   23.035048] amd_nb: Cannot enumerate AMD northbridges
[   23.107973] clocksource: Switched to clocksource kvm-clock
[   23.273779] AppArmor: AppArmor Filesystem Enabled
[   23.407964] pnp: PnP ACPI init
[   23.500876] pnp: PnP ACPI: found 3 devices
[   23.632458] clocksource: acpi_pm: mask: 0xffffff max_cycles: 0xffffff, max_idle_ns: 2085701024 ns
[   23.889633] NET: Registered protocol family 2
[   24.013865] TCP established hash table entries: 8192 (order: 4, 65536 bytes)
[   24.190412] TCP bind hash table entries: 8192 (order: 5, 131072 bytes)
[   24.393057] TCP: Hash tables configured (established 8192 bind 8192)
[   24.576866] UDP hash table entries: 512 (order: 2, 16384 bytes)
[   24.759721] UDP-Lite hash table entries: 512 (order: 2, 16384 bytes)
[   24.954590] NET: Registered protocol family 1
[   25.085704] pci 0000:00:00.0: Limiting direct PCI/PCI transfers
[   25.245074] pci 0000:00:01.0: Activating ISA DMA hang workarounds
[   25.414594] Unpacking initramfs...
[   26.924282] Freeing initrd memory: 10844K
[   27.046345] platform rtc_cmos: registered platform RTC device (no PNP device found)
[   27.284219] Scanning for low memory corruption every 60 seconds
[   27.333956] audit: initializing netlink subsys (disabled)
[   27.335258] audit: type=2000 audit(1520812379.050:1): initialized
[   27.336703] Initialise system trusted keyring
[   27.337634] HugeTLB registered 2 MB page size, pre-allocated 0 pages
[   27.339630] zbud: loaded
[   27.340585] VFS: Disk quotas dquot_6.6.0
[   27.341314] VFS: Dquot-cache hash table entries: 512 (order 0, 4096 bytes)
[   27.342581] squashfs: version 4.0 (2009/01/31) Phillip Lougher
[   27.422936] fuse init (API version 7.23)
[   27.433818] Key type big_key registered
[   27.440861] Allocating IMA MOK and blacklist keyrings.
[   27.459088] Key type asymmetric registered
[   27.466250] Asymmetric key parser 'x509' registered
[   27.471314] Block layer SCSI generic (bsg) driver version 0.4 loaded (major 249)
[   27.477898] io scheduler noop registered
[   27.479172] io scheduler deadline registered (default)
[   27.481400] io scheduler cfq registered
[   27.482379] pci_hotplug: PCI Hot Plug PCI Core version: 0.5
[   27.483314] pciehp: PCI Express Hot Plug Controller Driver version: 0.4
[   27.525861] ACPI: AC Adapter [AC] (on-line)
[   27.530719] input: Power Button as /devices/LNXSYSTM:00/LNXPWRBN:00/input/input0
[   27.658713] ACPI: Power Button [PWRF]
[   27.758809] input: Sleep Button as /devices/LNXSYSTM:00/LNXSLPBN:00/input/input1
[   27.985725] ACPI: Sleep Button [SLPF]
[   28.091282] tsc: Refined TSC clocksource calibration: 3310.472 MHz
[   28.265592] clocksource: tsc: mask: 0xffffffffffffffff max_cycles: 0x2fb7f0b14da, max_idle_ns: 440795295451 ns
[   28.265778] GHES: HEST is not enabled!
[   28.265868] Serial: 8250/16550 driver, 32 ports, IRQ sharing enabled
[   28.564833] 00:02: ttyS0 at I/O 0x3f8 (irq = 4, base_baud = 115200) is a 16550A
[   28.672736] Linux agpgart interface v0.103
[   28.955748] loop: module loaded
[   28.956175] scsi host0: ata_piix
[   28.956219] scsi host1: ata_piix
[   28.956245] ata1: PATA max UDMA/33 cmd 0x1f0 ctl 0x3f6 bmdma 0xd000 irq 14
[   28.956245] ata2: PATA max UDMA/33 cmd 0x170 ctl 0x376 bmdma 0xd008 irq 15
[   28.956304] libphy: Fixed MDIO Bus: probed
[   28.956306] tun: Universal TUN/TAP device driver, 1.6
[   28.956306] tun: (C) 1999-2004 Max Krasnyansky <maxk@qualcomm.com>
[   28.956588] PPP generic driver version 2.4.2
[   28.956633] ehci_hcd: USB 2.0 'Enhanced' Host Controller (EHCI) Driver
[   28.956636] ehci-pci: EHCI PCI platform driver
[   28.956648] ehci-platform: EHCI generic platform driver
[   28.956655] ohci_hcd: USB 1.1 'Open' Host Controller (OHCI) Driver
[   28.956657] ohci-pci: OHCI PCI platform driver
[   28.956664] ohci-platform: OHCI generic platform driver
[   28.956670] uhci_hcd: USB Universal Host Controller Interface driver
[   28.956713] i8042: PNP: PS/2 Controller [PNP0303:PS2K,PNP0f03:PS2M] at 0x60,0x64 irq 1,12
[   29.171760] serio: i8042 KBD port at 0x60,0x64 irq 1
[   29.171765] serio: i8042 AUX port at 0x60,0x64 irq 12
[   29.171878] mousedev: PS/2 mouse device common for all mice
[   29.172246] rtc_cmos rtc_cmos: rtc core: registered rtc_cmos as rtc0
[   29.172295] rtc_cmos rtc_cmos: alarms up to one day, 114 bytes nvram
[   29.172301] i2c /dev entries driver
[   29.172349] device-mapper: uevent: version 1.0.3
[   29.172392] device-mapper: ioctl: 4.34.0-ioctl (2015-10-28) initialised: dm-devel@redhat.com
[   29.172411] ledtrig-cpu: registered to indicate activity on CPUs
[   29.172855] NET: Registered protocol family 10
[   29.172973] NET: Registered protocol family 17
[   29.172982] Key type dns_resolver registered
[   29.376731] microcode: CPU0 sig=0x506e3, pf=0x2, revision=0x0
[   29.376784] microcode: CPU1 sig=0x506e3, pf=0x2, revision=0x0
[   29.376832] microcode: Microcode Update Driver: v2.01 <tigran@aivazian.fsnet.co.uk>, Peter Oruba
[   29.376938] registered taskstats version 1
[   29.376950] Loading compiled-in X.509 certificates
[   29.377436] Loaded X.509 cert 'Build time autogenerated kernel key: aa84f01984fbd529c105810b59e379d349698248'
[   29.377454] zswap: loaded using pool lzo/zbud
[   29.378843] Key type trusted registered
[   29.381377] Key type encrypted registered
[   29.381381] AppArmor: AppArmor sha1 policy hashing enabled
[   29.381383] ima: No TPM chip found, activating TPM-bypass!
[   29.381397] evm: HMAC attrs: 0x1
[   29.381678]   Magic number: 10:587:908
[   29.381697] mem port: hash matches
[   29.511326] rtc_cmos rtc_cmos: setting system clock to 2018-03-11 23:53:18 UTC (1520812398)
[   29.511441] BIOS EDD facility v0.16 2004-Jun-25, 0 devices found
[   29.511441] EDD information not available.
[   30.144279] input: AT Translated Set 2 keyboard as /devices/platform/i8042/serio0/input/input2
[   33.000114] Freeing unused kernel memory: 1508K
[   33.212307] Write protecting the kernel read-only data: 14336k
[   33.470023] Freeing unused kernel memory: 1700K
[   33.696571] Freeing unused kernel memory: 104K
Loading, please [   33.882886] random: systemd-udevd: uninitialized urandom read (16 bytes read, 9 bits of entropy available)
wait...
startin[   33.883393] random: udevadm: uninitialized urandom read (16 bytes read, 9 bits of entropy available)
g version 229
[   33.883413] random: udevadm: uninitialized urandom read (16 bytes read, 9 bits of entropy available)
[   33.894515] random: udevadm: uninitialized urandom read (16 bytes read, 9 bits of entropy available)
[   33.894561] random: udevadm: uninitialized urandom read (16 bytes read, 9 bits of entropy available)
[   33.894721] random: udevadm: uninitialized urandom read (16 bytes read, 9 bits of entropy available)
[   33.894781] random: udevadm: uninitialized urandom read (16 bytes read, 9 bits of entropy available)
[   33.894840] random: udevadm: uninitialized urandom read (16 bytes read, 9 bits of entropy available)
[   33.894900] random: udevadm: uninitialized urandom read (16 bytes read, 9 bits of entropy available)
[   33.894958] random: udevadm: uninitialized urandom read (16 bytes read, 9 bits of entropy available)
[   36.258644] e1000: Intel(R) PRO/1000 Network Driver - version 7.3.21-k8-NAPI
[   36.453689] e1000: Copyright (c) 1999-2006 Intel Corporation.
[   36.678747] Fusion MPT base driver 3.04.20
[   36.834630] Copyright (c) 1999-2008 LSI Corporation
[   36.966590] Fusion MPT SPI Host driver 3.04.20
[   37.134021] AVX version of gcm_enc/dec engaged.
[   37.288118] AES CTR mode by8 optimization enabled
[   37.339277] input: ImExPS/2 Generic Explorer Mouse as /devices/platform/i8042/serio1/input/input4
[   37.652979] e1000 0000:00:03.0 eth0: (PCI:33MHz:32-bit) 02:e1:a6:2d:7f:b0
[   37.889425] e1000 0000:00:03.0 eth0: Intel(R) PRO/1000 Network Connection
[   38.631081] e1000 0000:00:08.0 eth1: (PCI:33MHz:32-bit) 08:00:27:5f:cb:1d
[   39.098365] e1000 0000:00:08.0 eth1: Intel(R) PRO/1000 Network Connection
[   39.469253] mptbase: ioc0: Initiating bringup
[   39.469804] e1000 0000:00:03.0 enp0s3: renamed from eth0
[   39.709387] e1000 0000:00:08.0 enp0s8: renamed from eth1
[   39.900758] ioc0: LSI53C1030 A0: Capabilities={Initiator}
[   40.052822] floppy0: no floppy controllers found
[   40.378317] scsi host2: ioc0: LSI53C1030 A0, FwRev=00000000h, Ports=1, MaxQ=256, IRQ=20
[   40.725768] scsi 2:0:0:0: Direct-Access     VBOX     HARDDISK         1.0  PQ: 0 ANSI: 5
[   41.064875] scsi target2:0:0: Beginning Domain Validation
[   41.300565] scsi target2:0:0: Domain Validation skipping write tests
[   41.536330] scsi target2:0:0: Ending Domain Validation
[   41.614755] scsi target2:0:0: asynchronous
[   41.700926] scsi 2:0:1:0: Direct-Access     VBOX     HARDDISK         1.0  PQ: 0 ANSI: 5
[   41.729366] scsi target2:0:1: Beginning Domain Validation
[   41.916520] scsi target2:0:1: Domain Validation skipping write tests
[   41.917795] scsi target2:0:1: Ending Domain Validation
[   41.918940] scsi target2:0:1: asynchronous
[   42.121177] sd 2:0:0:0: Attached scsi generic sg0 type 0
[   42.121282] sd 2:0:0:0: [sda] 20971520 512-byte logical blocks: (10.7 GB/10.0 GiB)
[   42.121416] sd 2:0:0:0: [sda] Write Protect is off
[   42.121487] sd 2:0:0:0: [sda] Incomplete mode parameter data
[   42.121488] sd 2:0:0:0: [sda] Assuming drive cache: write through
[   42.122230]  sda: sda1
[   42.122730] sd 2:0:0:0: [sda] Attached SCSI disk
[   42.781739] sd 2:0:1:0: Attached scsi generic sg1 type 0
[   42.782033] sd 2:0:1:0: [sdb] 20480 512-byte logical blocks: (10.5 MB/10.0 MiB)
[   42.782371] sd 2:0:1:0: [sdb] Write Protect is off
[   42.782634] sd 2:0:1:0: [sdb] Incomplete mode parameter data
[   42.782636] sd 2:0:1:0: [sdb] Assuming drive cache: write through
[   42.785377] sd 2:0:1:0: [sdb] Attached SCSI disk
Begin: Loading e[   44.170851] md: linear personality registered for level -1
ssential drivers[   44.436044] md: multipath personality registered for level -4
 ... [   44.622719] md: raid0 personality registered for level 0
[   44.940165] md: raid1 personality registered for level 1
[   45.112043] raid6: sse2x1   gen()  9500 MB/s
[   45.196693] raid6: sse2x1   xor()  6108 MB/s
[   45.460550] raid6: sse2x2   gen() 12201 MB/s
[   45.736455] raid6: sse2x2   xor()  7723 MB/s
[   46.068240] raid6: sse2x4   gen() 13387 MB/s
[   46.160081] raid6: sse2x4   xor()  8703 MB/s
[   46.404440] raid6: using algorithm sse2x4 gen() 13387 MB/s
[   46.774367] raid6: .... xor() 8703 MB/s, rmw enabled
[   46.996661] raid6: using ssse3x2 recovery algorithm
[   46.998636] xor: automatically using best checksumming function:
[   47.036173]    avx       : 22720.000 MB/sec
[   47.161801] async_tx: api initialized (async)
[   47.196802] md: raid6 personality registered for level 6
[   47.265036] md: raid5 personality registered for level 5
[   47.501152] md: raid4 personality registered for level 4
[   47.602034] md: raid10 personality registered for level 10
done.
Begin: Running /scripts/init-p[   47.985501] Btrfs loaded
remount ... done.
Begin: Mounting root file system ... Begin: Running /scripts/local-top ... do[   48.082491] EXT4-fs (sda1): INFO: recovery required on readonly filesystem
ne.
Begin: Runn[   48.282661] EXT4-fs (sda1): write access will be enabled during recovery
ing /scripts/local-premount ... Scanning for Btrfs filesystems
done.
Warning: fsck not present, so skipping root file system
[   48.641146] EXT4-fs (sda1): orphan cleanup on readonly fs
[   48.807382] EXT4-fs (sda1): 5 orphan inodes deleted
[   48.949595] EXT4-fs (sda1): recovery complete
[   49.083825] EXT4-fs (sda1): mounted filesystem with ordered data mode. Opts: (null)
done.[   49.324119] random: nonblocking pool is initialized

Begin: Running /scripts/local-bottom ... done.
Begin: Running /scripts/init-bottom ... done.
[   49.792283] systmmd[1]: systemd 229 running in system mode. (+PAM +AUDIT +SELINUX +IMA +APPARMOR +SMACK +SYSVINIT +UTMP +LIBCRYPTSETUP +GCRYPT +GNUTLS +ACL +XZ -LZ4 +SECCOMP +BLKID +ELFUTILS +KMOD -IDN)
[   50.464723] systemd[1]: Detected virtualization oracle.
[   50.483422] systemd[1]: Detected architecture x86-64.

Welcome to [1mUbuntu 16.04.4 LTS[0m!

[   50.613160] systemd[1]: Set hostname to <ubuntu-xenial>.
[   51.187896] systemd[1]: Started Forward Password Requests to Wall Directory Watch.
[[0;32m  OK  [0m] Started Forward Password Requests to Wall Directory Watch.
[   51.448808] systemd[1]: Listening on Device-mapper event daemon FIFOs.
[[0;32m  OK  [0m] Listening on Device-mapper event daemon FIFOs.
[   51.692483] systemd[1]: Listening on /dev/initctl Compatibility Named Pipe.
[[0;32m  OK  [0m] Listening on /dev/initctl Compatibility Named Pipe.
[   51.969215] systemd[1]: Set up automount Arbitrary Executable File Formats File System Automount Point.
[[0;32m  OK  [0m] Set up automount Arbitrary Executab...ats File System Automount Point.
[   52.324586] systemd[1]: Reached target Swap.
[[0;32m  OK  [0m] Reached target Swap.
[   52.496695] systemd[1]: Reached target Encrypted Volumes.
[[0;32m  OK  [0m] Reached target Encrypted Volumes.
[   52.684357] systemd[1]: Listening on Syslog Socket.
[[0;32m  OK  [0m] Listening on Syslog Socket.
[   52.868561] systemd[1]: Started Trigger resolvconf update for networkd DNS.
[[0;32m  OK  [0m] Started Trigger resolvconf update for networkd DNS.
[   53.132868] systemd[1]: Listening on LVM2 poll daemon socket.
[[0;32m  OK  [0m] Listening on LVM2 poll daemon socket.
[   53.377318] systemd[1]: Created slice User and Session Slice.
[[0;32m  OK  [0m] Created slice User and Session Slice.
[   53.612640] systemd[1]: Listening on Journal Socket (/dev/log).
[[0;32m  OK  [0m] Listening on Journal Socket (/dev/log).
[   53.780636] systemd[1]: Listening on Journal Audit Socket.
[[0;32m  OK  [0m] Listening on Journal Audit Socket.
[   53.788218] systemd[1]: Listening on LVM2 metadata daemon socket.
[[0;32m  OK  [0m] Listening on LVM2 metadata daemon socket.
[   53.800591] systemd[1]: Reached target User and Group Name Lookups.
[[0;32m  OK  [0m] Reached target User and Group Name Lookups.
[   54.016740] systemd[1]: Listening on udev Control Socket.
[[0;32m  OK  [0m] Listening on udev Control Socket.
[   54.237101] systemd[1]: Listening on Journal Socket.
[[0;32m  OK  [0m] Listening on Journal Socket.
[   54.441007] systemd[1]: Listening on udev Kernel Socket.
[[0;32m  OK  [0m] Listening on udev Kernel Socket.
[   54.656681] systemd[1]: Created slice System Slice.
[[0;32m  OK  [0m] Created slice System Slice.
[   54.864172] systemd[1]: Mounting Debug File System...
         Mounting Debug File System...
[   55.008765] systemd[1]: Mounting POSIX Message Queue File System...
         Mounting POSIX Message Queue File System...
[   55.221281] systemd[1]: Created slice system-serial\x2dgetty.slice.
[[0;32m  OK  [0m] Created slice system-serial\x2dgetty.slice.
[   55.468812] systemd[1]: Starting Remount Root and Kernel File Systems...
         [   55.671853] EXT4-fs (sda1): re-mounted. Opts: (null)
Starting Remount Root and Kernel File Systems...
[   55.967757] systemd[1]: Starting Set console keymap...
         Starting Set console keymap...
[   56.152517] systemd[1]: Starting Load Kernel Modules...
         Starting Load Kernel Modules...[   56.348687] Loading iSCSI transport class v2.0-870.

[   56.618371] iscsi: registered transport (tcp)
[   56.620516] systemd[1]: Starting Monitoring of LVM2 mirrors, snapshots etc. using dmeventd or progress polling...
         Starting Monitoring of LVM2 mirr[   57.102329] iscsi: registered transport (iser)
ors... dmeventd or progress polling...
[   57.328522] systemd[1]: Reached target Slices.
[[0;32m  OK  [0m] Reached target Slices.
[   57.516523] systemd[1]: Mounting Huge Pages File System...
         Mounting Huge Pages File System...
[   57.712601] systemd[1]: Starting Uncomplicated firewall...
         Starting Uncomplicated firewall...
[   57.876736] systemd[1]: Starting Create list of required static device nodes for the current kernel...
         Starting Create list of required st... nodes for the current kernel...
[   58.164140] systemd[1]: Starting Nameserver information manager...
         Starting Nameserver information manager...
[   58.384333] systemd[1]: Starting Journal Service...
         Starting Journal Service...
[   58.598444] systemd[1]: Mounted Huge Pages File System.
[[0;32m  OK  [0m] Mounted Huge Pages File System.
[   58.788246] systemd[1]: Mounted POSIX Message Queue File System.
[[0;32m  OK  [0m] Mounted POSIX Message Queue File System.
[   59.011352] systemd[1]: Mounted Debug File System.
[[0;32m  OK  [0m] Mounted Debug File System.
[   59.184360] systemd[1]: Started Journal Service.
[[0;32m  OK  [0m] Started Journal Service.
[[0;32m  OK  [0m] Started Remount Root and Kernel File Systems.
[[0;32m  OK  [0m] Started Set console keymap.
[[0;32m  OK  [0m] Started Load Kernel Modules.
[[0;32m  OK  [0m] Started Uncomplicated firewall.
[[0;32m  OK  [0m] Started Create list of required sta...ce nodes for the current kernel.
[[0;32m  OK  [0m] Started Nameserver information manager.
[[0;32m  OK  [0m] Started LVM2 metadata daemon.
         Starting Create Static Device Nodes in /dev...
         Mounting FUSE Control File System...
         Starting Apply Kernel Variables...
         Starting Initial cloud-init job (pre-networking)...
         Starting Load/Save Random Seed...
         Starting udev Coldplug all Devices...
         Starting Flush Journal to Persistent Storage...
[[0;32m  OK  [0m] Mounted FUSE Control File System.
[[0;32m  OK  [0m] Started Monitoring of LVM2 mirrors,...ng dmeventd or progress polling.
[[0;32m  OK  [0m] Started Create Static Device Nodes in /dev.
[[0;32m  OK  [0m] Started Apply Kernel Variables.
[[0;32m  OK  [0m] Started Load/Save Random Seed.
         Starting udev Kernel Device Manager...
[[0;32m  OK  [0m] Started Flush Journal to Persistent Storage.
[[0;32m  OK  [0m] Started udev Coldplug all Devices.
[[0;32m  OK  [0m] Started udev Kernel Device Manager.
[[0;32m  OK  [0m] Started Dispatch Password Requests to Console Directory Watch.
[[0;32m  OK  [0m] Reached target Local File Systems (Pre).
[[0;32m  OK  [0m] Reached target Local File Systems.
         Starting Set console font and keymap...
         Starting Create Volatile Files and Directories...
         Starting Tell Plymouth To Write Out Runtime Data...
         Starting LSB: AppArmor initialization...
[[0;32m  OK  [0m] Started Create Volatile Files and Directories.
[[0;32m  OK  [0m] Found device /dev/ttyS0.
         Starting Update UTMP about System Boot/Shutdown...
[[0;32m  OK  [0m] Reached target System Time Synchronized.
[[0;32m  OK  [0m] Started Tell Plymouth To Write Out Runtime Data.
[[0;32m  OK  [0m] Started Set console font and keymap.
[[0;32m  OK  [0m] Started Update UTMP about System Boot/Shutdown.
[[0;32m  OK  [0m] Created slice system-getty.slice.
[[0;32m  OK  [0m] Found device 82540EM Gigabit Ethern...r (PRO/1000 MT Desktop Adapter).
[[0;32m  OK  [0m] Found device 82540EM Gigabit Ethern...r (PRO/1000 MT Desktop Adapter).
[[0;32m  OK  [0m] Listening on Load/Save RF Kill Switch Status /dev/rfkill Watch.
[[0;32m  OK  [0m] Started LSB: AppArmor initialization.
[   40.525604] cloud-init[449]: Cloud-init v. 17.1 running 'init-local' at Sun, 11 Mar 2018 23:53:51 +0000. Up 40.21 seconds.
[[0;32m  OK  [0m] Started Initial cloud-init job (pre-networking).
[[0;32m  OK  [0m] Reached target Network (Pre).
[[0;32m  OK  [0m] Started ifup for enp0s8.
[[0;32m  OK  [0m] Started ifup for enp0s3.
         Starting Raise network interfaces...
[[0;32m  OK  [0m] Started Raise network interfaces.
[[0;32m  OK  [0m] Reached target Network.
         Starting Initial cloud-init job (metadata service crawler)...
[   42.403664] cloud-init[1054]: Cloud-init v. 17.1 running 'init' at Sun, 11 Mar 2018 23:53:53 +0000. Up 41.95 seconds.
[[0;32m  OK  [0m] Started Initial cloud-init job (metadata service crawler).
[   42.462474] cloud-init[1054]: ci-info: ++++++++++++++++++++++++++++++++++++++Net device info++++++++++++++++++++++++++++++++++++++
[   42.580374] cloud-init[1054]: ci-info: +--------+------+-----------------------------+---------------+-------+-------------------+
[   42.664723] cloud-init[1054]: ci-info: | Device |  Up  |           Address           |      Mask     | Scope |     Hw-Address    |
[   42.728372] cloud-init[1054]: ci-info: +--------+------+-----------------------------+---------------+-------+-------------------+
[[0;32m  OK  [0m] Reached target System Initialization.
[   42.831955] cloud-init[1054]: ci-info: | enp0s3 | True |          10.0.2.15          | 255.255.255.0 |   .   | 02:e1:a6:2d:7f:b0 |
[   42.944529] cloud-init[1054]: ci-info: | enp0s3 | True |  fe80::e1:a6ff:fe2d:7fb0/64 |       .       |  link | 02:e1:a6:2d:7f:b0 |
[   43.012302] cloud-init[1054]: ci-info: | enp0s8 | True |        192.168.33.22        | 255.255.255.0 |   .   | 08:00:27:5f:cb:1d |
[   43.072299] cloud-init[1054]: ci-info: | enp0s8 | True | fe80::a00:27ff:fe5f:cb1d/64 |       .       |  link | 08:00:27:5f:cb:1d |
[[0;32m  OK  [0m] Started Daily apt download activities.
[[0;32m  OK  [0m] Started Daily apt upgrade and clean activities.
[[0;32m  OK  [0m] Listening on D-Bus System Message Bus Socket.
[   43.113107] cloud-init[1054]: ci-info: |   lo   | True |          127.0.0.1          |   255.0.0.0   |   .   |         .         |
[   43.276331] cloud-init[1054]: ci-info: |   lo   | True |           ::1/128           |       .       |  host |         .         |
[   43.291236] cloud-init[1054]: ci-info: +--------+------+-----------------------------+---------------+-------+-------------------+
         Starting Socket activation for snappy daemon.
[[0;32m  OK  [0m] Started Daily Cleanup of Temporary Directories.
[[0;32m  OK  [0m] Listening on UUID daemon activation socket.
[   43.293539] cloud-init[1054]: ci-info: ++++++++++++++++++++++++++++Route IPv4 info++++++++++++++++++++++++++++
[   43.389250] [cloud-init[0;32m  OK  [0m[1054]: ] ci-info: +-------+--------------+----------+---------------+-----------+-------+Started Timer to automatically refresh installed snaps.

[   43.476230] [[0;32m  OK  [0m] Reached target Timers.
         Starting LXD - unix socket.
[[0;32m  OK  [0m] Listening on ACPID Listen Socket.
cloud-init[1054]: ci-info: | Route | Destination  | Gateway  |    Genmask    | Interface | Flags |
[   43.562842] [cloud-init[0;32m  OK  [0m[1054]: ] ci-info: +-------+--------------+----------+---------------+-----------+-------+Started ACPI Events Check.

[   43.681560] [cloud-init[0;32m  OK  [0m[1054]: ci-info: |   0   |   0.0.0.0    | 10.0.2.2 |    0.0.0.0    |   enp0s3  |   UG  |
] Reached target Paths.
[[0;32m  OK  [0m] Reached target Cloud-config availability.
[[0;32m  OK  [0m] Reached target Network is Online.
[   43.681958] cloud-init[1054]: ci-info: |   1   |   10.0.2.0   | 0.0.0.0  | 255.255.255.0 |   enp0s3  |   U   |
[   43.766415] cloud-init[1054]: ci-info: |   2   | 192.168.33.0 | 0.0.0.0  | 255.255.255.0 |   enp0s8  |   U   |
[   43.797727]          cloud-initStarting iSCSI initiator daemon (iscsid)...[1054]: 
ci-info: +-------+--------------+----------+---------------+-----------+-------+
[[0;32m  OK  [0m] Listening on Socket activation for snappy daemon.
[[0;32m  OK  [0m] Listening on LXD - unix socket.
[[0;32m  OK  [0m] Reached target Sockets.
[[0;32m  OK  [0m] Reached target Basic System.
         Starting LSB: Record successful boot for GRUB...
         Starting vboxadd.service...
         Starting Apply the settings specified in cloud-config...
[[0;32m  OK  [0m] Started Regular background program processing daemon.
[[0;32m  OK  [0m] Started D-Bus System Message Bus.
         Starting Accounts Service...
[[0;32m  OK  [0m] Started ACPI event daemon.
[[0;32m  OK  [0m] Started Unattended Upgrades Shutdown.
[   44.601351] cloud-init[1120]: Cloud-init v. 17.1 running 'modules:config' at Sun, 11 Mar 2018 23:53:55 +0000. Up 44.34 seconds.
         Starting Snappy daemon...
         Starting /etc/rc.local Compatibility...
         Starting vboxadd-x11.service...
         Starting MySQL Community Server...
         Starting Login Service...
         Starting LXD - container startup/shutdown...
         Starting OpenBSD Secure Shell server...
         Starting LSB: MD monitoring daemon...
[[0;32m  OK  [0m] Started Deferred execution scheduler.
         Starting System Logging Service...
[[0;32m  OK  [0m] Started FUSE filesystem for LXC.
[[0;32m  OK  [0m] Started iSCSI initiator daemon (iscsid).
[[0;32m  OK  [0m] Started vboxadd.service.
[[0;32m  OK  [0m] Started Apply the settings specified in cloud-config.
[[0;32m  OK  [0m] Started /etc/rc.local Compatibility.
[[0;32m  OK  [0m] Started vboxadd-x11.service.
         Starting vboxadd-service.service...
         Starting Login to default iSCSI targets...
[[0;32m  OK  [0m] Started Login Service.
         Starting Authenticate and Authorize Users to Run Privileged Tasks...
[[0;32m  OK  [0m] Started LSB: Record successful boot for GRUB.
[[0;32m  OK  [0m] Started LSB: MD monitoring daemon.
[[0;32m  OK  [0m] Started vboxadd-service.service.
[[0;32m  OK  [0m] Started System Logging Service.
[[0;32m  OK  [0m] Started Login to default iSCSI targets.
[[0;32m  OK  [0m] Reached target Remote File Systems (Pre).
[[0;32m  OK  [0m] Reached target Remote File Systems.
         Starting LSB: automatic crash report generation...
         Starting LSB: daemon to balance interrupts for SMP systems...
         Starting LSB: Set the CPU Frequency Scaling governor to "ondemand"...
         Starting Permit User Sessions...
[[0;32m  OK  [0m] Started OpenBSD Secure Shell server.
[[0;32m  OK  [0m] Started Permit User Sessions.
[[0;32m  OK  [0m] Started Authenticate and Authorize Users to Run Privileged Tasks.
[[0;32m  OK  [0m] Started Accounts Service.
         Starting Hold until boot process finishes up...
         Starting Terminate Plymouth Boot Screen...
[[0;32m  OK  [0m] Started LSB: automatic crash report generation.
[[0;32m  OK  [0m] Started LSB: daemon to balance interrupts for SMP systems.
[[0;32m  OK  [0m] Started LSB: Set the CPU Frequency Scaling governor to "ondemand".
[[0;32m  OK  [0m] Started Hold until boot process finishes up.
[[0;32m  OK  [0m] Started Terminate Plymouth Boot Screen.
[[0;32m  OK  [0m] Started Snappy daemon.
[[0;32m  OK  [0m] Created slice User Slice of vagrant.
[[0;32m  OK  [0m] Started Session 1 of user vagrant.
         Starting User Manager for UID 1000...
[[0;32m  OK  [0m] Started Serial Getty on ttyS0.
         Starting Set console scheme...
[[0;32m  OK  [0m] Started Getty on tty1.
[[0;32m  OK  [0m] Reached target Login Prompts.
[[0;32m  OK  [0m] Started User Manager for UID 1000.
[[0;32m  OK  [0m] Started LXD - container startup/shutdown.
[[0;32m  OK  [0m] Started Set console scheme.
[[0;32m  OK  [0m] Started MySQL Community Server.
[[0;32m  OK  [0m] Reached target Multi-User System.
[[0;32m  OK  [0m] Reached target Graphical Interface.
         Starting Update UTMP about System Runlevel Changes...
         Starting Execute cloud user/final scripts...
[[0;32m  OK  [0m] Started Update UTMP about System Runlevel Changes.
[   49.925600] cloud-init[1584]: Cloud-init v. 17.1 running 'modules:final' at Sun, 11 Mar 2018 23:54:01 +0000. Up 49.79 seconds.
[   50.072549] [cloud-init[0;32m  OK  [0m[1584]: ] Cloud-init v. 17.1 finished at Sun, 11 Mar 2018 23:54:01 +0000. Datasource DataSourceNoCloud [seed=/dev/sdb][dsmode=net].  Up 49.92 secondsStarted Execute cloud user/final scripts.

[[0;32m  OK  [0m] Reached target Cloud-init target.
         Starting Daily apt download activities...
         Stopping User Manager for UID 1000...
[[0;32m  OK  [0m] Stopped User Manager for UID 1000.
[[0;32m  OK  [0m] Removed slice User Slice of vagrant.

Ubuntu 16.04.4 LTS ubuntu-xenial ttyS0

ubuntu-xenial login: 